(module
  (type $type0 (func))
  (type $type1 (func (result i32)))
  (export "empty" $func1)
  (export "singular" $func2)
  (export "multi" $func3)
  (export "nested" $func4)
  (export "deep" $func5)
  (export "as-unary-operand" $func6)
  (export "as-binary-operand" $func7)
  (export "as-test-operand" $func8)
  (export "as-compare-operand" $func9)
  (export "break-bare" $func10)
  (export "break-value" $func11)
  (export "break-repeated" $func12)
  (export "break-inner" $func13)
  (export "effects" $func14)
  (func $func0
    nop
  )
  (func $func1
    block
      block
      end
      block
      end
    end
  )
  (func $func2 (result i32)
    block i32
      block
        nop
      end
      block i32
        i32.const 7
      end
    end
  )
  (func $func3 (result i32)
    block i32
      block
        call $func0
        call $func0
        call $func0
        call $func0
      end
      block i32
        call $func0
        call $func0
        call $func0
        i32.const 8
      end
    end
  )
  (func $func4 (result i32)
    block i32
      block
        call $func0
        block
        end
        nop
      end
      block i32
        call $func0
        i32.const 9
      end
    end
  )
  (func $func5 (result i32)
    block i32
      block i32
        block i32
          block i32
            block i32
              block i32
                block i32
                  block i32
                    block i32
                      block i32
                        block i32
                          block i32
                            block i32
                              block i32
                                block i32
                                  block i32
                                    block i32
                                      block i32
                                        block i32
                                          block i32
                                            block i32
                                              block i32
                                                block i32
                                                  block i32
                                                    block i32
                                                      block i32
                                                        block i32
                                                          block i32
                                                            block i32
                                                              block i32
                                                                block i32
                                                                  block i32
                                                                    block i32
                                                                      block i32
                                                                        block i32
                                                                          block i32
                                                                            block i32
                                                                              block i32
                                                                                call $func0
                                                                                i32.const 150
                                                                              end
                                                                            end
                                                                          end
                                                                        end
                                                                      end
                                                                    end
                                                                  end
                                                                end
                                                              end
                                                            end
                                                          end
                                                        end
                                                      end
                                                    end
                                                  end
                                                end
                                              end
                                            end
                                          end
                                        end
                                      end
                                    end
                                  end
                                end
                              end
                            end
                          end
                        end
                      end
                    end
                  end
                end
              end
            end
          end
        end
      end
    end
  )
  (func $func6 (result i32)
    block i32
      call $func0
      i32.const 13
    end
    i32.ctz
  )
  (func $func7 (result i32)
    block i32
      call $func0
      i32.const 3
    end
    block i32
      call $func0
      i32.const 4
    end
    i32.mul
  )
  (func $func8 (result i32)
    block i32
      call $func0
      i32.const 13
    end
    i32.eqz
  )
  (func $func9 (result i32)
    block f32
      call $func0
      f32.const 3
    end
    block f32
      call $func0
      f32.const 3
    end
    f32.gt
  )
  (func $func10 (result i32)
    block i32
      block
        br 0
        unreachable
      end
      block
        i32.const 1
        br_if 0
        unreachable
      end
      block
        i32.const 0
        br_table 0
        unreachable
      end
      block
        i32.const 1
        br_table 0 0 0
        unreachable
      end
      i32.const 19
    end
  )
  (func $func11 (result i32)
    block i32
      i32.const 18
      br 0
      i32.const 19
    end
  )
  (func $func12 (result i32)
    block i32
      i32.const 18
      br 0
      i32.const 19
      br 0
      i32.const 20
      i32.const 0
      br_if 0
      drop
      i32.const 20
      i32.const 1
      br_if 0
      drop
      i32.const 21
      br 0
      i32.const 22
      i32.const 4
      br_table 0
      i32.const 23
      i32.const 1
      br_table 0 0 0
      i32.const 21
    end
  )
  (func $func13 (result i32)
    (local $var0 i32)
    block i32
      i32.const 0
      set_local $var0
      get_local $var0
      block i32
        block i32
          i32.const 1
          br 1
        end
      end
      i32.add
      set_local $var0
      get_local $var0
      block i32
        block
          br 0
        end
        i32.const 2
      end
      i32.add
      set_local $var0
      get_local $var0
      block i32
        i32.const 4
        br 0
        i32.ctz
      end
      i32.add
      set_local $var0
      get_local $var0
      block i32
        block i32
          i32.const 8
          br 1
        end
        i32.ctz
      end
      i32.add
      set_local $var0
      get_local $var0
    end
  )
  (func $func14 (result i32)
    (local $var0 i32)
    block i32
      block
        i32.const 1
        set_local $var0
        get_local $var0
        i32.const 3
        i32.mul
        set_local $var0
        get_local $var0
        i32.const 5
        i32.sub
        set_local $var0
        get_local $var0
        i32.const 7
        i32.mul
        set_local $var0
        br 0
        get_local $var0
        i32.const 100
        i32.mul
        set_local $var0
      end
      get_local $var0
      i32.const -14
      i32.eq
    end
  )
)
