(module
  (type $type0 (func (param i32 i32)))
  (type $type1 (func (param i32 i64)))
  (type $type2 (func (param i32) (result i32)))
  (type $type3 (func (param i32) (result i64)))
  (type $type4 (func (param i64) (result i64)))
  (type $type5 (func (param f32) (result f32)))
  (type $type6 (func (param f64) (result f64)))
  (memory 1)
  (export "i32_load16_s" $func6)
  (export "i32_load16_u" $func7)
  (export "i32_load" $func8)
  (export "i64_load16_s" $func9)
  (export "i64_load16_u" $func10)
  (export "i64_load32_s" $func11)
  (export "i64_load32_u" $func12)
  (export "i64_load" $func13)
  (export "f32_load" $func14)
  (export "f64_load" $func15)
  (export "i32_store16" $func16)
  (export "i32_store" $func17)
  (export "i64_store16" $func18)
  (export "i64_store32" $func19)
  (export "i64_store" $func20)
  (export "f32_store" $func21)
  (export "f64_store" $func22)
  (func $func0 (param $var0 i32) (param $var1 i32)
    block
      get_local $var0
      get_local $var1
      i32.store8 offset=0
      get_local $var0
      i32.const 1
      i32.add
      get_local $var1
      i32.const 8
      i32.shr_u
      i32.store8 offset=0
    end
  )
  (func $func1 (param $var0 i32) (param $var1 i32)
    block
      get_local $var0
      get_local $var1
      call $func0
      get_local $var0
      i32.const 2
      i32.add
      get_local $var1
      i32.const 16
      i32.shr_u
      call $func0
    end
  )
  (func $func2 (param $var0 i32) (param $var1 i64)
    block
      get_local $var0
      get_local $var1
      i32.wrap/i64
      call $func1
      get_local $var0
      i32.const 4
      i32.add
      get_local $var1
      i64.const 32
      i64.shr_u
      i32.wrap/i64
      call $func1
    end
  )
  (func $func3 (param $var0 i32) (result i32)
    get_local $var0
    i32.load8_u offset=0
    get_local $var0
    i32.const 1
    i32.add
    i32.load8_u offset=0
    i32.const 8
    i32.shl
    i32.or
  )
  (func $func4 (param $var0 i32) (result i32)
    get_local $var0
    call $func3
    get_local $var0
    i32.const 2
    i32.add
    call $func3
    i32.const 16
    i32.shl
    i32.or
  )
  (func $func5 (param $var0 i32) (result i64)
    get_local $var0
    call $func4
    i64.extend_u/i32
    get_local $var0
    i32.const 4
    i32.add
    call $func4
    i64.extend_u/i32
    i64.const 32
    i64.shl
    i64.or
  )
  (func $func6 (param $var0 i32) (result i32)
    block i32
      i32.const 0
      get_local $var0
      call $func0
      i32.const 0
      i32.load16_s offset=0
    end
  )
  (func $func7 (param $var0 i32) (result i32)
    block i32
      i32.const 0
      get_local $var0
      call $func0
      i32.const 0
      i32.load16_u offset=0
    end
  )
  (func $func8 (param $var0 i32) (result i32)
    block i32
      i32.const 0
      get_local $var0
      call $func1
      i32.const 0
      i32.load offset=0
    end
  )
  (func $func9 (param $var0 i64) (result i64)
    block i64
      i32.const 0
      get_local $var0
      i32.wrap/i64
      call $func0
      i32.const 0
      i64.load16_s offset=0
    end
  )
  (func $func10 (param $var0 i64) (result i64)
    block i64
      i32.const 0
      get_local $var0
      i32.wrap/i64
      call $func0
      i32.const 0
      i64.load16_u offset=0
    end
  )
  (func $func11 (param $var0 i64) (result i64)
    block i64
      i32.const 0
      get_local $var0
      i32.wrap/i64
      call $func1
      i32.const 0
      i64.load32_s offset=0
    end
  )
  (func $func12 (param $var0 i64) (result i64)
    block i64
      i32.const 0
      get_local $var0
      i32.wrap/i64
      call $func1
      i32.const 0
      i64.load32_u offset=0
    end
  )
  (func $func13 (param $var0 i64) (result i64)
    block i64
      i32.const 0
      get_local $var0
      call $func2
      i32.const 0
      i64.load offset=0
    end
  )
  (func $func14 (param $var0 f32) (result f32)
    block f32
      i32.const 0
      get_local $var0
      i32.reinterpret/f32
      call $func1
      i32.const 0
      f32.load align=4
    end
  )
  (func $func15 (param $var0 f64) (result f64)
    block f64
      i32.const 0
      get_local $var0
      i64.reinterpret/f64
      call $func2
      i32.const 0
      f64.load align=8
    end
  )
  (func $func16 (param $var0 i32) (result i32)
    block i32
      i32.const 0
      get_local $var0
      i32.store16 offset=0
      i32.const 0
      call $func3
    end
  )
  (func $func17 (param $var0 i32) (result i32)
    block i32
      i32.const 0
      get_local $var0
      i32.store offset=0
      i32.const 0
      call $func4
    end
  )
  (func $func18 (param $var0 i64) (result i64)
    block i64
      i32.const 0
      get_local $var0
      i64.store16 offset=0
      i32.const 0
      call $func3
      i64.extend_u/i32
    end
  )
  (func $func19 (param $var0 i64) (result i64)
    block i64
      i32.const 0
      get_local $var0
      i64.store32 offset=0
      i32.const 0
      call $func4
      i64.extend_u/i32
    end
  )
  (func $func20 (param $var0 i64) (result i64)
    block i64
      i32.const 0
      get_local $var0
      i64.store offset=0
      i32.const 0
      call $func5
    end
  )
  (func $func21 (param $var0 f32) (result f32)
    block f32
      i32.const 0
      get_local $var0
      f32.store align=4
      i32.const 0
      call $func4
      f32.reinterpret/i32
    end
  )
  (func $func22 (param $var0 f64) (result f64)
    block f64
      i32.const 0
      get_local $var0
      f64.store align=8
      i32.const 0
      call $func5
      f64.reinterpret/i64
    end
  )
)
