(module
  (type $type0 (func (param i32) (result f64)))
  (memory 1)
  (func $func0 (param $var0 i32) (result f64)
    get_local $var0
    f64.load align=8
  )
)
