(module
  (type $type0 (func (param i32 f64)))
  (memory 1)
  (func $func0 (param $var0 i32) (param $var1 f64)
    get_local $var0
    get_local $var1
    f64.store align=8
  )
)
