(module
  (type $type0 (func (result f32)))
  (type $type1 (func (result i32)))
  (type $type2 (func))
(memory 4)
  (export "f32.load" $func0)
  (export "i32.load" $func1)
  (export "f32.store" $func2)
  (export "i32.store" $func3)
  (export "reset" $func4)
  (func $func0 (result f32)
    i32.const 0
    f32.load align=4
  )
  (func $func1 (result i32)
    i32.const 0
    i32.load offset=0
  )
  (func $func2
    i32.const 0
    f32.const NaN
    f32.store align=4
  )
  (func $func3
    i32.const 0
    i32.const 0
    i32.store offset=0
  )
  (func $func4
    i32.const 0
    i32.const 0
    i32.store offset=0
  )
)
