(module
  (type $type0 (func (result i32)))
  (func $func0 (result i32)
    (local $var0 i32)
    get_local $var0
  )
)
