(module
  (type $type0 (func (result i32)))
  (type $type1 (func (result i64)))
  (type $type2 (func (param i32)))
  (type $type3 (func (param i64)))
  (type $type4 (func (result f32)))
  (type $type5 (func (result f64)))
  (type $type6 (func (param f32)))
  (type $type7 (func (param f64)))
  (export "get-a" $func0)
  (export "get-b" $func1)
  (export "get-x" $func2)
  (export "get-y" $func3)
  (export "set-x" $func4)
  (export "set-y" $func5)
  (export "get-1" $func6)
  (export "get-2" $func7)
  (export "get-5" $func8)
  (export "get-6" $func9)
  (export "set-5" $func10)
  (export "set-6" $func11)
  (func $func0 (result i32)
    get_global
  )
  (func $func1 (result i64)
    get_global
  )
  (func $func2 (result i32)
    get_global
  )
  (func $func3 (result i64)
    get_global
  )
  (func $func4 (param $var0 i32)
    get_local $var0
    set_global
  )
  (func $func5 (param $var0 i64)
    get_local $var0
    set_global
  )
  (func $func6 (result f32)
    get_global
  )
  (func $func7 (result f64)
    get_global
  )
  (func $func8 (result f32)
    get_global
  )
  (func $func9 (result f64)
    get_global
  )
  (func $func10 (param $var0 f32)
    get_local $var0
    set_global
  )
  (func $func11 (param $var0 f64)
    get_local $var0
    set_global
  )
)
