(module
  (type $type0 (func (param i32) (result i32)))
  (memory 1)
  (func $func0 (param $var0 i32) (result i32)
    get_local $var0
    i32.load offset=0
  )
)
