(module
  (type $type0 (func (param i32 i32)))
  (memory 1)
  (func $func0 (param $var0 i32) (param $var1 i32)
    get_local $var0
    get_local $var1
    i32.store offset=0
  )
)
