(module
  (type $type0 (func (param i32) (result i64)))
  (memory 1)
  (func $func0 (param $var0 i32) (result i64)
    get_local $var0
    i64.load offset=0
  )
)
