(module
  (import $func0 "" "" (global i32))
  (memory 0)
)
