(module
  (type $type0 (func))
  (import "" "" (memory 0))
  (func $func0
    nop
  )
)
