(module
  (type $type0 (func))
  (import $func0 "" "" (func))
  (table $table0 0 anyfunc)
)
