(module
  (type $type0 (func (result i32)))
  (type $type1 (func (param i32) (result i32)))
  (export "block" $func0)
  (export "loop1" $func1)
  (export "loop2" $func2)
  (export "loop3" $func3)
  (export "loop4" $func4)
  (export "loop5" $func5)
  (export "if" $func6)
  (export "if2" $func7)
  (export "switch" $func8)
  (export "return" $func9)
  (export "br_if0" $func10)
  (export "br_if1" $func11)
  (export "br_if2" $func12)
  (export "br_if3" $func13)
  (export "br" $func14)
  (export "shadowing" $func15)
  (export "redefinition" $func16)
  (func $func0 (result i32)
    block i32
      i32.const 1
      br 0
      i32.const 0
    end
  )
  (func $func1 (result i32)
    (local $var0 i32)
    block i32
      i32.const 0
      set_local $var0
      block i32
        loop i32
          get_local $var0
          i32.const 1
          i32.add
          set_local $var0
          get_local $var0
          i32.const 5
          i32.eq
          if
            get_local $var0
            br 2
          end
          br 0
        end
      end
    end
  )
  (func $func2 (result i32)
    (local $var0 i32)
    block i32
      i32.const 0
      set_local $var0
      block i32
        loop i32
          get_local $var0
          i32.const 1
          i32.add
          set_local $var0
          get_local $var0
          i32.const 5
          i32.eq
          if
            br 1
          end
          get_local $var0
          i32.const 8
          i32.eq
          if
            get_local $var0
            br 2
          end
          get_local $var0
          i32.const 1
          i32.add
          set_local $var0
          br 0
        end
      end
    end
  )
  (func $func3 (result i32)
    (local $var0 i32)
    block i32
      i32.const 0
      set_local $var0
      block i32
        loop i32
          get_local $var0
          i32.const 1
          i32.add
          set_local $var0
          get_local $var0
          i32.const 5
          i32.eq
          if
            get_local $var0
            br 2
          end
          get_local $var0
        end
      end
    end
  )
  (func $func4 (param $var0 i32) (result i32)
    (local $var1 i32)
    block i32
      i32.const 1
      set_local $var1
      block i32
        loop i32
          get_local $var1
          get_local $var1
          i32.add
          set_local $var1
          get_local $var1
          get_local $var0
          i32.gt_u
          if
            get_local $var1
            br 2
          end
          br 0
        end
      end
    end
  )
  (func $func5 (result i32)
    loop i32
      i32.const 1
    end
    i32.const 1
    i32.add
  )
  (func $func6 (result i32)
    (local $var0 i32)
    block i32
      i32.const 0
      set_local $var0
      block
        block
          i32.const 1
          if
            br 1
            i32.const 666
            set_local $var0
          end
        end
        get_local $var0
        i32.const 1
        i32.add
        set_local $var0
        block
          i32.const 1
          if
            br 1
            i32.const 666
            set_local $var0
          else
            i32.const 888
            set_local $var0
          end
        end
        get_local $var0
        i32.const 1
        i32.add
        set_local $var0
        block
          i32.const 1
          if
            br 1
            i32.const 666
            set_local $var0
          else
            i32.const 888
            set_local $var0
          end
        end
        get_local $var0
        i32.const 1
        i32.add
        set_local $var0
        block
          i32.const 0
          if
            i32.const 888
            set_local $var0
          else
            br 1
            i32.const 666
            set_local $var0
          end
        end
        get_local $var0
        i32.const 1
        i32.add
        set_local $var0
        block
          i32.const 0
          if
            i32.const 888
            set_local $var0
          else
            br 1
            i32.const 666
            set_local $var0
          end
        end
        get_local $var0
        i32.const 1
        i32.add
        set_local $var0
      end
      get_local $var0
    end
  )
  (func $func7 (result i32)
    (local $var0 i32)
    block i32
      i32.const 0
      set_local $var0
      block
        block
          i32.const 1
          if
            br 1
            i32.const 666
            set_local $var0
          end
        end
        get_local $var0
        i32.const 1
        i32.add
        set_local $var0
        block
          i32.const 1
          if
            br 1
            i32.const 666
            set_local $var0
          else
            i32.const 888
            set_local $var0
          end
        end
        get_local $var0
        i32.const 1
        i32.add
        set_local $var0
        block
          i32.const 1
          if
            br 1
            i32.const 666
            set_local $var0
          else
            i32.const 888
            set_local $var0
          end
        end
        get_local $var0
        i32.const 1
        i32.add
        set_local $var0
        block
          i32.const 0
          if
            i32.const 888
            set_local $var0
          else
            br 1
            i32.const 666
            set_local $var0
          end
        end
        get_local $var0
        i32.const 1
        i32.add
        set_local $var0
        block
          i32.const 0
          if
            i32.const 888
            set_local $var0
          else
            br 1
            i32.const 666
            set_local $var0
          end
        end
        get_local $var0
        i32.const 1
        i32.add
        set_local $var0
      end
      get_local $var0
    end
  )
  (func $func8 (param $var0 i32) (result i32)
    block i32
      i32.const 10
      block i32
        block
          block
            block
              block
                block
                  get_local $var0
                  br_table 4 0 1 2 3
                end
              end
              i32.const 2
              br 3
            end
            i32.const 3
            br 3
          end
        end
        i32.const 5
      end
      i32.mul
    end
  )
  (func $func9 (param $var0 i32) (result i32)
    block i32
      block
        block
          block
            get_local $var0
            br_table 0 1
            br 2
          end
          i32.const 0
          return
        end
      end
      i32.const 2
    end
  )
  (func $func10 (result i32)
    (local $var0 i32)
    block i32
      i32.const 0
      set_local $var0
      block i32
        block
          i32.const 0
          br_if 0
          get_local $var0
          i32.const 1
          i32.or
          set_local $var0
          i32.const 1
          br_if 0
          get_local $var0
          i32.const 2
          i32.or
          set_local $var0
        end
        block i32
          get_local $var0
          i32.const 4
          i32.or
          set_local $var0
          get_local $var0
        end
        i32.const 0
        br_if 0
        drop
        get_local $var0
        i32.const 8
        i32.or
        set_local $var0
        block i32
          get_local $var0
          i32.const 16
          i32.or
          set_local $var0
          get_local $var0
        end
        i32.const 1
        br_if 0
        drop
        get_local $var0
        i32.const 32
        i32.or
        set_local $var0
        get_local $var0
      end
    end
  )
  (func $func11 (result i32)
    block i32
      block i32
        i32.const 1
        br 0
      end
      i32.const 1
      br_if 0
      drop
      i32.const 1
    end
  )
  (func $func12 (result i32)
    block i32
      i32.const 1
      if
        block i32
          i32.const 1
          br 0
        end
        br 1
      end
      i32.const 1
    end
  )
  (func $func13 (result i32)
    (local $var0 i32)
    block i32
      block i32
        block i32
          i32.const 1
          set_local $var0
          get_local $var0
        end
        block i32
          i32.const 2
          set_local $var0
          get_local $var0
        end
        br_if 0
        drop
        i32.const 0
      end
      i32.const 0
      i32.add
      drop
      get_local $var0
    end
  )
  (func $func14 (result i32)
    block i32
      i32.const 1
      if
        block i32
          i32.const 1
          br 0
        end
        br 1
      else
        block i32
          i32.const 1
          br 0
        end
        drop
      end
      i32.const 1
    end
  )
  (func $func15 (result i32)
    block i32
      i32.const 1
      br 0
      i32.const 2
      i32.xor
    end
  )
  (func $func16 (result i32)
    block i32
      block i32
        i32.const 2
      end
      block i32
        i32.const 3
        br 0
      end
      i32.add
    end
  )
)
