(module
  (type $type0 (func (param i32 i32) (result i32)))
  (type $type1 (func (param i64 i64) (result i32)))
  (type $type2 (func (param f32 f32) (result i32)))
  (type $type3 (func (param f64 f64) (result i32)))
  (type $type4 (func))
  (type $type5 (func (result i32)))
  (type $type6 (func (result i64)))
  (type $type7 (func (result f32)))
  (type $type8 (func (result f64)))
  (type $type9 (func (param i32 i32)))
  (type $type10 (func (param i64 i64)))
  (type $type11 (func (param f32 f32)))
  (type $type12 (func (param f64 f64)))
  (table $table0 8 8 anyfunc)
  (memory 1)
  (export "i32_add" $func35)
  (export "i32_sub" $func36)
  (export "i32_mul" $func37)
  (export "i32_div_s" $func38)
  (export "i32_div_u" $func39)
  (export "i32_rem_s" $func40)
  (export "i32_rem_u" $func41)
  (export "i32_and" $func42)
  (export "i32_or" $func43)
  (export "i32_xor" $func44)
  (export "i32_shl" $func45)
  (export "i32_shr_u" $func46)
  (export "i32_shr_s" $func47)
  (export "i32_eq" $func48)
  (export "i32_ne" $func49)
  (export "i32_lt_s" $func50)
  (export "i32_le_s" $func51)
  (export "i32_lt_u" $func52)
  (export "i32_le_u" $func53)
  (export "i32_gt_s" $func54)
  (export "i32_ge_s" $func55)
  (export "i32_gt_u" $func56)
  (export "i32_ge_u" $func57)
  (export "i32_store" $func58)
  (export "i32_store8" $func59)
  (export "i32_store16" $func60)
  (export "i32_call" $func61)
  (export "i32_call_indirect" $func62)
  (export "i32_select" $func63)
  (export "i64_add" $func64)
  (export "i64_sub" $func65)
  (export "i64_mul" $func66)
  (export "i64_div_s" $func67)
  (export "i64_div_u" $func68)
  (export "i64_rem_s" $func69)
  (export "i64_rem_u" $func70)
  (export "i64_and" $func71)
  (export "i64_or" $func72)
  (export "i64_xor" $func73)
  (export "i64_shl" $func74)
  (export "i64_shr_u" $func75)
  (export "i64_shr_s" $func76)
  (export "i64_eq" $func77)
  (export "i64_ne" $func78)
  (export "i64_lt_s" $func79)
  (export "i64_le_s" $func80)
  (export "i64_lt_u" $func81)
  (export "i64_le_u" $func82)
  (export "i64_gt_s" $func83)
  (export "i64_ge_s" $func84)
  (export "i64_gt_u" $func85)
  (export "i64_ge_u" $func86)
  (export "i64_store" $func87)
  (export "i64_store8" $func88)
  (export "i64_store16" $func89)
  (export "i64_store32" $func90)
  (export "i64_call" $func91)
  (export "i64_call_indirect" $func92)
  (export "i64_select" $func93)
  (export "f32_add" $func94)
  (export "f32_sub" $func95)
  (export "f32_mul" $func96)
  (export "f32_div" $func97)
  (export "f32_copysign" $func98)
  (export "f32_eq" $func99)
  (export "f32_ne" $func100)
  (export "f32_lt" $func101)
  (export "f32_le" $func102)
  (export "f32_gt" $func103)
  (export "f32_ge" $func104)
  (export "f32_min" $func105)
  (export "f32_max" $func106)
  (export "f32_store" $func107)
  (export "f32_call" $func108)
  (export "f32_call_indirect" $func109)
  (export "f32_select" $func110)
  (export "f64_add" $func111)
  (export "f64_sub" $func112)
  (export "f64_mul" $func113)
  (export "f64_div" $func114)
  (export "f64_copysign" $func115)
  (export "f64_eq" $func116)
  (export "f64_ne" $func117)
  (export "f64_lt" $func118)
  (export "f64_le" $func119)
  (export "f64_gt" $func120)
  (export "f64_ge" $func121)
  (export "f64_min" $func122)
  (export "f64_max" $func123)
  (export "f64_store" $func124)
  (export "f64_call" $func125)
  (export "f64_call_indirect" $func126)
  (export "f64_select" $func127)
  (export "br_if" $func128)
  (export "br_table" $func129)
  (elem
    (
      i32.const 0
    )
    $func0 $func1 $func2 $func3 $func4 $func5 $func6 $func7
  )
  (func $func0 (param $var0 i32) (param $var1 i32) (result i32)
    i32.const -1
  )
  (func $func1 (param $var0 i32) (param $var1 i32) (result i32)
    i32.const -2
  )
  (func $func2 (param $var0 i64) (param $var1 i64) (result i32)
    i32.const -1
  )
  (func $func3 (param $var0 i64) (param $var1 i64) (result i32)
    i32.const -2
  )
  (func $func4 (param $var0 f32) (param $var1 f32) (result i32)
    i32.const -1
  )
  (func $func5 (param $var0 f32) (param $var1 f32) (result i32)
    i32.const -2
  )
  (func $func6 (param $var0 f64) (param $var1 f64) (result i32)
    i32.const -1
  )
  (func $func7 (param $var0 f64) (param $var1 f64) (result i32)
    i32.const -2
  )
  (func $func8
    i32.const 8
    i32.const 0
    i32.store offset=0
  )
  (func $func9
    block
      i32.const 11
      i32.const 10
      i32.load8_u offset=0
      i32.store8 offset=0
      i32.const 10
      i32.const 9
      i32.load8_u offset=0
      i32.store8 offset=0
      i32.const 9
      i32.const 8
      i32.load8_u offset=0
      i32.store8 offset=0
      i32.const 8
      i32.const -3
      i32.store8 offset=0
    end
  )
  (func $func10 (result i32)
    i32.const 8
    i32.load offset=0
  )
  (func $func11 (result i32)
    block i32
      call $func9
      i32.const 8
      i32.const 1
      i32.store8 offset=0
      i32.const 0
    end
  )
  (func $func12 (result i32)
    block i32
      call $func9
      i32.const 8
      i32.const 2
      i32.store8 offset=0
      i32.const 1
    end
  )
  (func $func13 (result i32)
    block i32
      call $func9
      i32.const 8
      i32.const 3
      i32.store8 offset=0
      i32.const 1
    end
  )
  (func $func14 (result i32)
    block i32
      call $func9
      i32.const 8
      i32.const 4
      i32.store8 offset=0
      i32.const 0
    end
  )
  (func $func15 (result i32)
    block i32
      call $func9
      i32.const 8
      i32.const 5
      i32.store8 offset=0
      i32.const 0
    end
  )
  (func $func16 (result i64)
    block i64
      call $func9
      i32.const 8
      i32.const 1
      i32.store8 offset=0
      i64.const 0
    end
  )
  (func $func17 (result i64)
    block i64
      call $func9
      i32.const 8
      i32.const 2
      i32.store8 offset=0
      i64.const 1
    end
  )
  (func $func18 (result i64)
    block i64
      call $func9
      i32.const 8
      i32.const 3
      i32.store8 offset=0
      i64.const 1
    end
  )
  (func $func19 (result i32)
    block i32
      call $func9
      i32.const 8
      i32.const 4
      i32.store8 offset=0
      i32.const 2
    end
  )
  (func $func20 (result i32)
    block i32
      call $func9
      i32.const 8
      i32.const 5
      i32.store8 offset=0
      i32.const 0
    end
  )
  (func $func21 (result f32)
    block f32
      call $func9
      i32.const 8
      i32.const 1
      i32.store8 offset=0
      f32.const 0.0
    end
  )
  (func $func22 (result f32)
    block f32
      call $func9
      i32.const 8
      i32.const 2
      i32.store8 offset=0
      f32.const 1
    end
  )
  (func $func23 (result f32)
    block f32
      call $func9
      i32.const 8
      i32.const 3
      i32.store8 offset=0
      f32.const 1
    end
  )
  (func $func24 (result i32)
    block i32
      call $func9
      i32.const 8
      i32.const 4
      i32.store8 offset=0
      i32.const 4
    end
  )
  (func $func25 (result i32)
    block i32
      call $func9
      i32.const 8
      i32.const 5
      i32.store8 offset=0
      i32.const 0
    end
  )
  (func $func26 (result f64)
    block f64
      call $func9
      i32.const 8
      i32.const 1
      i32.store8 offset=0
      f64.const 0.0
    end
  )
  (func $func27 (result f64)
    block f64
      call $func9
      i32.const 8
      i32.const 2
      i32.store8 offset=0
      f64.const 1
    end
  )
  (func $func28 (result f64)
    block f64
      call $func9
      i32.const 8
      i32.const 3
      i32.store8 offset=0
      f64.const 1
    end
  )
  (func $func29 (result i32)
    block i32
      call $func9
      i32.const 8
      i32.const 4
      i32.store8 offset=0
      i32.const 6
    end
  )
  (func $func30 (result i32)
    block i32
      call $func9
      i32.const 8
      i32.const 5
      i32.store8 offset=0
      i32.const 0
    end
  )
  (func $func31 (param $var0 i32) (param $var1 i32)
    nop
  )
  (func $func32 (param $var0 i64) (param $var1 i64)
    nop
  )
  (func $func33 (param $var0 f32) (param $var1 f32)
    nop
  )
  (func $func34 (param $var0 f64) (param $var1 f64)
    nop
  )
  (func $func35 (result i32)
    block i32
      call $func8
      call $func11
      call $func12
      i32.add
      drop
      call $func10
    end
  )
  (func $func36 (result i32)
    block i32
      call $func8
      call $func11
      call $func12
      i32.sub
      drop
      call $func10
    end
  )
  (func $func37 (result i32)
    block i32
      call $func8
      call $func11
      call $func12
      i32.mul
      drop
      call $func10
    end
  )
  (func $func38 (result i32)
    block i32
      call $func8
      call $func11
      call $func12
      i32.div_s
      drop
      call $func10
    end
  )
  (func $func39 (result i32)
    block i32
      call $func8
      call $func11
      call $func12
      i32.div_u
      drop
      call $func10
    end
  )
  (func $func40 (result i32)
    block i32
      call $func8
      call $func11
      call $func12
      i32.rem_s
      drop
      call $func10
    end
  )
  (func $func41 (result i32)
    block i32
      call $func8
      call $func11
      call $func12
      i32.rem_u
      drop
      call $func10
    end
  )
  (func $func42 (result i32)
    block i32
      call $func8
      call $func11
      call $func12
      i32.and
      drop
      call $func10
    end
  )
  (func $func43 (result i32)
    block i32
      call $func8
      call $func11
      call $func12
      i32.or
      drop
      call $func10
    end
  )
  (func $func44 (result i32)
    block i32
      call $func8
      call $func11
      call $func12
      i32.xor
      drop
      call $func10
    end
  )
  (func $func45 (result i32)
    block i32
      call $func8
      call $func11
      call $func12
      i32.shl
      drop
      call $func10
    end
  )
  (func $func46 (result i32)
    block i32
      call $func8
      call $func11
      call $func12
      i32.shr_u
      drop
      call $func10
    end
  )
  (func $func47 (result i32)
    block i32
      call $func8
      call $func11
      call $func12
      i32.shr_s
      drop
      call $func10
    end
  )
  (func $func48 (result i32)
    block i32
      call $func8
      call $func11
      call $func12
      i32.eq
      drop
      call $func10
    end
  )
  (func $func49 (result i32)
    block i32
      call $func8
      call $func11
      call $func12
      i32.ne
      drop
      call $func10
    end
  )
  (func $func50 (result i32)
    block i32
      call $func8
      call $func11
      call $func12
      i32.lt_s
      drop
      call $func10
    end
  )
  (func $func51 (result i32)
    block i32
      call $func8
      call $func11
      call $func12
      i32.le_s
      drop
      call $func10
    end
  )
  (func $func52 (result i32)
    block i32
      call $func8
      call $func11
      call $func12
      i32.lt_u
      drop
      call $func10
    end
  )
  (func $func53 (result i32)
    block i32
      call $func8
      call $func11
      call $func12
      i32.le_u
      drop
      call $func10
    end
  )
  (func $func54 (result i32)
    block i32
      call $func8
      call $func11
      call $func12
      i32.gt_s
      drop
      call $func10
    end
  )
  (func $func55 (result i32)
    block i32
      call $func8
      call $func11
      call $func12
      i32.ge_s
      drop
      call $func10
    end
  )
  (func $func56 (result i32)
    block i32
      call $func8
      call $func11
      call $func12
      i32.gt_u
      drop
      call $func10
    end
  )
  (func $func57 (result i32)
    block i32
      call $func8
      call $func11
      call $func12
      i32.ge_u
      drop
      call $func10
    end
  )
  (func $func58 (result i32)
    block i32
      call $func8
      call $func11
      call $func12
      i32.store offset=0
      call $func10
    end
  )
  (func $func59 (result i32)
    block i32
      call $func8
      call $func11
      call $func12
      i32.store8 offset=0
      call $func10
    end
  )
  (func $func60 (result i32)
    block i32
      call $func8
      call $func11
      call $func12
      i32.store16 offset=0
      call $func10
    end
  )
  (func $func61 (result i32)
    block i32
      call $func8
      call $func11
      call $func12
      call $func31
      call $func10
    end
  )
  (func $func62 (result i32)
    block i32
      call $func8
      call $func11
      call $func12
      call $func14
      call_indirect $type0
      drop
      call $func10
    end
  )
  (func $func63 (result i32)
    block i32
      call $func8
      call $func11
      call $func12
      call $func15
      select
      drop
      call $func10
    end
  )
  (func $func64 (result i32)
    block i32
      call $func8
      call $func16
      call $func17
      i64.add
      drop
      call $func10
    end
  )
  (func $func65 (result i32)
    block i32
      call $func8
      call $func16
      call $func17
      i64.sub
      drop
      call $func10
    end
  )
  (func $func66 (result i32)
    block i32
      call $func8
      call $func16
      call $func17
      i64.mul
      drop
      call $func10
    end
  )
  (func $func67 (result i32)
    block i32
      call $func8
      call $func16
      call $func17
      i64.div_s
      drop
      call $func10
    end
  )
  (func $func68 (result i32)
    block i32
      call $func8
      call $func16
      call $func17
      i64.div_u
      drop
      call $func10
    end
  )
  (func $func69 (result i32)
    block i32
      call $func8
      call $func16
      call $func17
      i64.rem_s
      drop
      call $func10
    end
  )
  (func $func70 (result i32)
    block i32
      call $func8
      call $func16
      call $func17
      i64.rem_u
      drop
      call $func10
    end
  )
  (func $func71 (result i32)
    block i32
      call $func8
      call $func16
      call $func17
      i64.and
      drop
      call $func10
    end
  )
  (func $func72 (result i32)
    block i32
      call $func8
      call $func16
      call $func17
      i64.or
      drop
      call $func10
    end
  )
  (func $func73 (result i32)
    block i32
      call $func8
      call $func16
      call $func17
      i64.xor
      drop
      call $func10
    end
  )
  (func $func74 (result i32)
    block i32
      call $func8
      call $func16
      call $func17
      i64.shl
      drop
      call $func10
    end
  )
  (func $func75 (result i32)
    block i32
      call $func8
      call $func16
      call $func17
      i64.shr_u
      drop
      call $func10
    end
  )
  (func $func76 (result i32)
    block i32
      call $func8
      call $func16
      call $func17
      i64.shr_s
      drop
      call $func10
    end
  )
  (func $func77 (result i32)
    block i32
      call $func8
      call $func16
      call $func17
      i64.eq
      drop
      call $func10
    end
  )
  (func $func78 (result i32)
    block i32
      call $func8
      call $func16
      call $func17
      i64.ne
      drop
      call $func10
    end
  )
  (func $func79 (result i32)
    block i32
      call $func8
      call $func16
      call $func17
      i64.lt_s
      drop
      call $func10
    end
  )
  (func $func80 (result i32)
    block i32
      call $func8
      call $func16
      call $func17
      i64.le_s
      drop
      call $func10
    end
  )
  (func $func81 (result i32)
    block i32
      call $func8
      call $func16
      call $func17
      i64.lt_u
      drop
      call $func10
    end
  )
  (func $func82 (result i32)
    block i32
      call $func8
      call $func16
      call $func17
      i64.le_u
      drop
      call $func10
    end
  )
  (func $func83 (result i32)
    block i32
      call $func8
      call $func16
      call $func17
      i64.gt_s
      drop
      call $func10
    end
  )
  (func $func84 (result i32)
    block i32
      call $func8
      call $func16
      call $func17
      i64.ge_s
      drop
      call $func10
    end
  )
  (func $func85 (result i32)
    block i32
      call $func8
      call $func16
      call $func17
      i64.gt_u
      drop
      call $func10
    end
  )
  (func $func86 (result i32)
    block i32
      call $func8
      call $func16
      call $func17
      i64.ge_u
      drop
      call $func10
    end
  )
  (func $func87 (result i32)
    block i32
      call $func8
      call $func11
      call $func17
      i64.store offset=0
      call $func10
    end
  )
  (func $func88 (result i32)
    block i32
      call $func8
      call $func11
      call $func17
      i64.store8 offset=0
      call $func10
    end
  )
  (func $func89 (result i32)
    block i32
      call $func8
      call $func11
      call $func17
      i64.store16 offset=0
      call $func10
    end
  )
  (func $func90 (result i32)
    block i32
      call $func8
      call $func11
      call $func17
      i64.store32 offset=0
      call $func10
    end
  )
  (func $func91 (result i32)
    block i32
      call $func8
      call $func16
      call $func17
      call $func32
      call $func10
    end
  )
  (func $func92 (result i32)
    block i32
      call $func8
      call $func16
      call $func17
      call $func19
      call_indirect $type1
      drop
      call $func10
    end
  )
  (func $func93 (result i32)
    block i32
      call $func8
      call $func16
      call $func17
      call $func20
      select
      drop
      call $func10
    end
  )
  (func $func94 (result i32)
    block i32
      call $func8
      call $func21
      call $func22
      f32.add
      drop
      call $func10
    end
  )
  (func $func95 (result i32)
    block i32
      call $func8
      call $func21
      call $func22
      f32.sub
      drop
      call $func10
    end
  )
  (func $func96 (result i32)
    block i32
      call $func8
      call $func21
      call $func22
      f32.mul
      drop
      call $func10
    end
  )
  (func $func97 (result i32)
    block i32
      call $func8
      call $func21
      call $func22
      f32.div
      drop
      call $func10
    end
  )
  (func $func98 (result i32)
    block i32
      call $func8
      call $func21
      call $func22
      f32.copysign
      drop
      call $func10
    end
  )
  (func $func99 (result i32)
    block i32
      call $func8
      call $func21
      call $func22
      f32.eq
      drop
      call $func10
    end
  )
  (func $func100 (result i32)
    block i32
      call $func8
      call $func21
      call $func22
      f32.ne
      drop
      call $func10
    end
  )
  (func $func101 (result i32)
    block i32
      call $func8
      call $func21
      call $func22
      f32.lt
      drop
      call $func10
    end
  )
  (func $func102 (result i32)
    block i32
      call $func8
      call $func21
      call $func22
      f32.le
      drop
      call $func10
    end
  )
  (func $func103 (result i32)
    block i32
      call $func8
      call $func21
      call $func22
      f32.gt
      drop
      call $func10
    end
  )
  (func $func104 (result i32)
    block i32
      call $func8
      call $func21
      call $func22
      f32.ge
      drop
      call $func10
    end
  )
  (func $func105 (result i32)
    block i32
      call $func8
      call $func21
      call $func22
      f32.min
      drop
      call $func10
    end
  )
  (func $func106 (result i32)
    block i32
      call $func8
      call $func21
      call $func22
      f32.max
      drop
      call $func10
    end
  )
  (func $func107 (result i32)
    block i32
      call $func8
      call $func11
      call $func22
      f32.store align=4
      call $func10
    end
  )
  (func $func108 (result i32)
    block i32
      call $func8
      call $func21
      call $func22
      call $func33
      call $func10
    end
  )
  (func $func109 (result i32)
    block i32
      call $func8
      call $func21
      call $func22
      call $func24
      call_indirect $type2
      drop
      call $func10
    end
  )
  (func $func110 (result i32)
    block i32
      call $func8
      call $func21
      call $func22
      call $func25
      select
      drop
      call $func10
    end
  )
  (func $func111 (result i32)
    block i32
      call $func8
      call $func26
      call $func27
      f64.add
      drop
      call $func10
    end
  )
  (func $func112 (result i32)
    block i32
      call $func8
      call $func26
      call $func27
      f64.sub
      drop
      call $func10
    end
  )
  (func $func113 (result i32)
    block i32
      call $func8
      call $func26
      call $func27
      f64.mul
      drop
      call $func10
    end
  )
  (func $func114 (result i32)
    block i32
      call $func8
      call $func26
      call $func27
      f64.div
      drop
      call $func10
    end
  )
  (func $func115 (result i32)
    block i32
      call $func8
      call $func26
      call $func27
      f64.copysign
      drop
      call $func10
    end
  )
  (func $func116 (result i32)
    block i32
      call $func8
      call $func26
      call $func27
      f64.eq
      drop
      call $func10
    end
  )
  (func $func117 (result i32)
    block i32
      call $func8
      call $func26
      call $func27
      f64.ne
      drop
      call $func10
    end
  )
  (func $func118 (result i32)
    block i32
      call $func8
      call $func26
      call $func27
      f64.lt
      drop
      call $func10
    end
  )
  (func $func119 (result i32)
    block i32
      call $func8
      call $func26
      call $func27
      f64.le
      drop
      call $func10
    end
  )
  (func $func120 (result i32)
    block i32
      call $func8
      call $func26
      call $func27
      f64.gt
      drop
      call $func10
    end
  )
  (func $func121 (result i32)
    block i32
      call $func8
      call $func26
      call $func27
      f64.ge
      drop
      call $func10
    end
  )
  (func $func122 (result i32)
    block i32
      call $func8
      call $func26
      call $func27
      f64.min
      drop
      call $func10
    end
  )
  (func $func123 (result i32)
    block i32
      call $func8
      call $func26
      call $func27
      f64.max
      drop
      call $func10
    end
  )
  (func $func124 (result i32)
    block i32
      call $func8
      call $func11
      call $func27
      f64.store align=8
      call $func10
    end
  )
  (func $func125 (result i32)
    block i32
      call $func8
      call $func26
      call $func27
      call $func34
      call $func10
    end
  )
  (func $func126 (result i32)
    block i32
      call $func8
      call $func26
      call $func27
      call $func29
      call_indirect $type3
      drop
      call $func10
    end
  )
  (func $func127 (result i32)
    block i32
      call $func8
      call $func26
      call $func27
      call $func30
      select
      drop
      call $func10
    end
  )
  (func $func128 (result i32)
    block i32
      call $func8
      call $func11
      call $func12
      i32.const 0
      i32.and
      br_if 0
      drop
      call $func10
    end
  )
  (func $func129 (result i32)
    block i32
      call $func8
      block i32
        call $func11
        call $func12
        br_table 1 0
      end
      drop
      call $func10
    end
  )
)
