(module
  (type $type0 (func))
  (type $type1 (func (result i32)))
  (type $type2 (func (result f32)))
  (memory 1 1)
  (export "zero_everything" $func0)
  (export "test_store_to_load" $func1)
  (export "test_redundant_load" $func2)
  (export "test_dead_store" $func3)
  (func $func0
    block
      i32.const 0
      i32.const 0
      i32.store offset=0
      i32.const 4
      i32.const 0
      i32.store offset=0
      i32.const 8
      i32.const 0
      i32.store offset=0
      i32.const 12
      i32.const 0
      i32.store offset=0
    end
  )
  (func $func1 (result i32)
    block i32
      i32.const 8
      i32.const 0
      i32.store offset=0
      i32.const 5
      f32.const -0.0
      f32.store align=4
      i32.const 8
      i32.load offset=0
    end
  )
  (func $func2 (result i32)
    (local $var0 i32)
    (local $var1 i32)
    block i32
      i32.const 8
      i32.load offset=0
      set_local $var0
      i32.const 5
      i32.const -2147483648
      i32.store offset=0
      i32.const 8
      i32.load offset=0
      set_local $var1
      get_local $var0
      get_local $var1
      i32.add
    end
  )
  (func $func3 (result f32)
    (local $var0 f32)
    block f32
      i32.const 8
      i32.const 589505315
      i32.store offset=0
      i32.const 11
      f32.load align=4
      set_local $var0
      i32.const 8
      i32.const 0
      i32.store offset=0
      get_local $var0
    end
  )
)
