(module
  (type $type0 (func (param i32) (result i32)))
  (type $type1 (func (param i64) (result i64)))
  (type $type2 (func (result i32)))
  (export "stmt" $func0)
  (export "expr" $func1)
  (export "arg" $func2)
  (export "corner" $func3)
  (func $func0 (param $var0 i32) (result i32)
    (local $var1 i32)
    block i32
      i32.const 100
      set_local $var1
      block
        block
          block
            block
              block
                block
                  block
                    block
                      block
                        block
                          get_local $var0
                          br_table 0 1 2 3 4 5 6 8 7
                        end
                        get_local $var0
                        return
                      end
                      nop
                    end
                  end
                  i32.const 0
                  get_local $var0
                  i32.sub
                  set_local $var1
                  br 5
                end
                br 4
              end
              i32.const 101
              set_local $var1
              br 3
            end
            i32.const 101
            set_local $var1
          end
          i32.const 102
          set_local $var1
        end
      end
      get_local $var1
      return
    end
  )
  (func $func1 (param $var0 i64) (result i64)
    (local $var1 i64)
    block i64
      i64.const 100
      set_local $var1
      block i64
        block
          block
            block
              block
                block
                  block
                    block
                      block
                        block
                          get_local $var0
                          i32.wrap/i64
                          br_table 0 1 2 3 6 5 4 8 7
                        end
                        get_local $var0
                        return
                      end
                      nop
                    end
                  end
                  i64.const 0
                  get_local $var0
                  i64.sub
                  br 5
                end
                i64.const 101
                set_local $var1
              end
            end
          end
          get_local $var1
          br 1
        end
        i64.const -5
      end
      return
    end
  )
  (func $func2 (param $var0 i32) (result i32)
    block i32
      i32.const 10
      block i32
        i32.const 100
        block i32
          i32.const 1000
          block i32
            i32.const 2
            get_local $var0
            i32.mul
            i32.const 3
            get_local $var0
            i32.and
            br_table 1 2 3 0
          end
          i32.add
        end
        i32.add
      end
      i32.add
    end
    return
  )
  (func $func3 (result i32)
    block i32
      block
        i32.const 0
        br_table 0
      end
      i32.const 1
    end
  )
)
